// Jest Snapshot v1, https://goo.gl/fbAQLP

exports[`should withActiveCard HOC render correctly 1`] = `<div />`;
