// Jest Snapshot v1, https://goo.gl/fbAQLP

exports[`should MovieList render correctly 1`] = `
<div
  className="catalog__movies-list"
>
  <article
    className="small-movie-card catalog__movies-card"
    onMouseEnter={[Function]}
    onMouseLeave={[Function]}
  >
    <div
      className="small-movie-card__image"
      onClick={[Function]}
    >
      <img
        alt="The Grand Budapest Hotel"
        height="175"
        src="the-grand-budapest-hotel.jpg"
        width="280"
      />
    </div>
    <h3
      className="small-movie-card__title"
    >
      <a
        className="small-movie-card__link"
        href="/films/1"
        onClick={[Function]}
      >
        The Grand Budapest Hotel
      </a>
    </h3>
  </article>
  <article
    className="small-movie-card catalog__movies-card"
    onMouseEnter={[Function]}
    onMouseLeave={[Function]}
  >
    <div
      className="small-movie-card__image"
      onClick={[Function]}
    >
      <img
        alt="The Grand Budapest Hotel"
        height="175"
        src="the-grand-budapest-hotel.jpg"
        width="280"
      />
    </div>
    <h3
      className="small-movie-card__title"
    >
      <a
        className="small-movie-card__link"
        href="/films/1"
        onClick={[Function]}
      >
        The Grand Budapest Hotel
      </a>
    </h3>
  </article>
  <article
    className="small-movie-card catalog__movies-card"
    onMouseEnter={[Function]}
    onMouseLeave={[Function]}
  >
    <div
      className="small-movie-card__image"
      onClick={[Function]}
    >
      <img
        alt="The Grand Budapest Hotel"
        height="175"
        src="the-grand-budapest-hotel.jpg"
        width="280"
      />
    </div>
    <h3
      className="small-movie-card__title"
    >
      <a
        className="small-movie-card__link"
        href="/films/1"
        onClick={[Function]}
      >
        The Grand Budapest Hotel
      </a>
    </h3>
  </article>
  <article
    className="small-movie-card catalog__movies-card"
    onMouseEnter={[Function]}
    onMouseLeave={[Function]}
  >
    <div
      className="small-movie-card__image"
      onClick={[Function]}
    >
      <img
        alt="The Grand Budapest Hotel"
        height="175"
        src="the-grand-budapest-hotel.jpg"
        width="280"
      />
    </div>
    <h3
      className="small-movie-card__title"
    >
      <a
        className="small-movie-card__link"
        href="/films/1"
        onClick={[Function]}
      >
        The Grand Budapest Hotel
      </a>
    </h3>
  </article>
  <article
    className="small-movie-card catalog__movies-card"
    onMouseEnter={[Function]}
    onMouseLeave={[Function]}
  >
    <div
      className="small-movie-card__image"
      onClick={[Function]}
    >
      <img
        alt="The Grand Budapest Hotel"
        height="175"
        src="the-grand-budapest-hotel.jpg"
        width="280"
      />
    </div>
    <h3
      className="small-movie-card__title"
    >
      <a
        className="small-movie-card__link"
        href="/films/1"
        onClick={[Function]}
      >
        The Grand Budapest Hotel
      </a>
    </h3>
  </article>
  <article
    className="small-movie-card catalog__movies-card"
    onMouseEnter={[Function]}
    onMouseLeave={[Function]}
  >
    <div
      className="small-movie-card__image"
      onClick={[Function]}
    >
      <img
        alt="The Grand Budapest Hotel"
        height="175"
        src="the-grand-budapest-hotel.jpg"
        width="280"
      />
    </div>
    <h3
      className="small-movie-card__title"
    >
      <a
        className="small-movie-card__link"
        href="/films/1"
        onClick={[Function]}
      >
        The Grand Budapest Hotel
      </a>
    </h3>
  </article>
  <article
    className="small-movie-card catalog__movies-card"
    onMouseEnter={[Function]}
    onMouseLeave={[Function]}
  >
    <div
      className="small-movie-card__image"
      onClick={[Function]}
    >
      <img
        alt="The Grand Budapest Hotel"
        height="175"
        src="the-grand-budapest-hotel.jpg"
        width="280"
      />
    </div>
    <h3
      className="small-movie-card__title"
    >
      <a
        className="small-movie-card__link"
        href="/films/1"
        onClick={[Function]}
      >
        The Grand Budapest Hotel
      </a>
    </h3>
  </article>
</div>
`;
