// Jest Snapshot v1, https://goo.gl/fbAQLP

exports[`should MovieReviews tab render correctly 1`] = `
<div
  className="movie-card__reviews movie-card__row"
>
  <div
    className="movie-card__reviews-col"
  >
    <div
      className="review"
    >
      <blockquote
        className="review__quote"
      >
        <p
          className="review__text"
        >
          Discerning travellers and Wes Anderson fans will luxuriate in the glorious Mittel-European kitsch of one of the director's funniest and most exquisitely designed movies in years.
        </p>
        <footer
          className="review__details"
        >
          <cite
            className="review__author"
          >
            Kate Muir
          </cite>
          <time
            className="review__date"
            dateTime="2019-05-08T14:13:56.569Z"
          >
            May 08, 2019
          </time>
        </footer>
      </blockquote>
      <div
        className="review__rating"
      >
        8.9
      </div>
    </div>
  </div>
  <div
    className="movie-card__reviews-col"
  >
    <div
      className="review"
    >
      <blockquote
        className="review__quote"
      >
        <p
          className="review__text"
        >
          The mannered, madcap proceedings are often delightful, occasionally silly, and here and there, gruesome and/or heartbreaking.
        </p>
        <footer
          className="review__details"
        >
          <cite
            className="review__author"
          >
            Matthew Lickona
          </cite>
          <time
            className="review__date"
            dateTime="2019-05-18T14:13:56.569Z"
          >
            May 18, 2019
          </time>
        </footer>
      </blockquote>
      <div
        className="review__rating"
      >
        7.2
      </div>
    </div>
  </div>
</div>
`;
