// Jest Snapshot v1, https://goo.gl/fbAQLP

exports[`should withNewReview HOC render correctly 1`] = `<div />`;
