// Jest Snapshot v1, https://goo.gl/fbAQLP

exports[`should withFilm HOC render correctly 1`] = `""`;
