// Jest Snapshot v1, https://goo.gl/fbAQLP

exports[`should Tabs render correctly with Details active tab 1`] = `
<nav
  className="movie-nav movie-card__nav"
>
  <ul
    className="movie-nav__list"
  >
    <li
      className="movie-nav__item "
    >
      <a
        className="movie-nav__link"
        href="#"
        onClick={[Function]}
      >
        Overview
      </a>
    </li>
    <li
      className="movie-nav__item movie-nav__item--active"
    >
      <a
        className="movie-nav__link"
        href="#"
        onClick={[Function]}
      >
        Details
      </a>
    </li>
    <li
      className="movie-nav__item "
    >
      <a
        className="movie-nav__link"
        href="#"
        onClick={[Function]}
      >
        Reviews
      </a>
    </li>
  </ul>
</nav>
`;

exports[`should Tabs render correctly with Overview active tab 1`] = `
<nav
  className="movie-nav movie-card__nav"
>
  <ul
    className="movie-nav__list"
  >
    <li
      className="movie-nav__item movie-nav__item--active"
    >
      <a
        className="movie-nav__link"
        href="#"
        onClick={[Function]}
      >
        Overview
      </a>
    </li>
    <li
      className="movie-nav__item "
    >
      <a
        className="movie-nav__link"
        href="#"
        onClick={[Function]}
      >
        Details
      </a>
    </li>
    <li
      className="movie-nav__item "
    >
      <a
        className="movie-nav__link"
        href="#"
        onClick={[Function]}
      >
        Reviews
      </a>
    </li>
  </ul>
</nav>
`;

exports[`should Tabs render correctly with Reviews active tab 1`] = `
<nav
  className="movie-nav movie-card__nav"
>
  <ul
    className="movie-nav__list"
  >
    <li
      className="movie-nav__item "
    >
      <a
        className="movie-nav__link"
        href="#"
        onClick={[Function]}
      >
        Overview
      </a>
    </li>
    <li
      className="movie-nav__item "
    >
      <a
        className="movie-nav__link"
        href="#"
        onClick={[Function]}
      >
        Details
      </a>
    </li>
    <li
      className="movie-nav__item movie-nav__item--active"
    >
      <a
        className="movie-nav__link"
        href="#"
        onClick={[Function]}
      >
        Reviews
      </a>
    </li>
  </ul>
</nav>
`;
