// Jest Snapshot v1, https://goo.gl/fbAQLP

exports[`should withActiveTab HOC render correctly 1`] = `<div />`;
