// Jest Snapshot v1, https://goo.gl/fbAQLP

exports[`should withReviews HOC render correctly 1`] = `""`;
